<?xml version="1.0" encoding="UTF-8"?>
<testsuites name="jest tests" tests="27" failures="0" errors="0" time="1.452">
  <testsuite name="Testes unitarios - calcularPrecoVenda" errors="0" failures="0" skipped="0" timestamp="2026-05-20T23:33:38" time="0.568" tests="17">
    <testcase classname="Testes unitarios - calcularPrecoVenda deve calcular corretamente com custo 100 e markup 50%" name="Testes unitarios - calcularPrecoVenda deve calcular corretamente com custo 100 e markup 50%" time="0.004">
    </testcase>
    <testcase classname="Testes unitarios - calcularPrecoVenda deve calcular com markup 0%" name="Testes unitarios - calcularPrecoVenda deve calcular com markup 0%" time="0">
    </testcase>
    <testcase classname="Testes unitarios - calcularPrecoVenda deve calcular com casas decimais" name="Testes unitarios - calcularPrecoVenda deve calcular com casas decimais" time="0">
    </testcase>
    <testcase classname="Testes unitarios - calcularPrecoVenda deve lancar erro se custo for zero" name="Testes unitarios - calcularPrecoVenda deve lancar erro se custo for zero" time="0.009">
    </testcase>
    <testcase classname="Testes unitarios - calcularPrecoVenda deve lancar erro se custo for negativo" name="Testes unitarios - calcularPrecoVenda deve lancar erro se custo for negativo" time="0.001">
    </testcase>
    <testcase classname="Testes unitarios - calcularPrecoVenda deve lancar erro se markup for negativo" name="Testes unitarios - calcularPrecoVenda deve lancar erro se markup for negativo" time="0">
    </testcase>
    <testcase classname="Testes unitarios - calcularMarkupDivisor deve calcular PV corretamente" name="Testes unitarios - calcularMarkupDivisor deve calcular PV corretamente" time="0.001">
    </testcase>
    <testcase classname="Testes unitarios - calcularMarkupDivisor deve lancar erro se totalPercentual &gt;= 100" name="Testes unitarios - calcularMarkupDivisor deve lancar erro se totalPercentual &gt;= 100" time="0">
    </testcase>
    <testcase classname="Testes unitarios - calcularMarkupDivisor deve lancar erro se custo for zero" name="Testes unitarios - calcularMarkupDivisor deve lancar erro se custo for zero" time="0.001">
    </testcase>
    <testcase classname="Testes unitarios - calcularMarkup deve calcular markup 50% e margem 33.33%" name="Testes unitarios - calcularMarkup deve calcular markup 50% e margem 33.33%" time="0">
    </testcase>
    <testcase classname="Testes unitarios - calcularMarkup deve lancar erro se precoVenda &lt;= custo" name="Testes unitarios - calcularMarkup deve lancar erro se precoVenda &lt;= custo" time="0">
    </testcase>
    <testcase classname="Testes unitarios - calcularMargem deve calcular margem de 33.33%" name="Testes unitarios - calcularMargem deve calcular margem de 33.33%" time="0">
    </testcase>
    <testcase classname="Testes unitarios - calcularMargem deve lancar erro se custo maior que PV" name="Testes unitarios - calcularMargem deve lancar erro se custo maior que PV" time="0.001">
    </testcase>
    <testcase classname="Testes unitarios - calcularPontoEquilibrio deve calcular 250 unidades de PE" name="Testes unitarios - calcularPontoEquilibrio deve calcular 250 unidades de PE" time="0">
    </testcase>
    <testcase classname="Testes unitarios - calcularPontoEquilibrio deve arredondar unidades para cima" name="Testes unitarios - calcularPontoEquilibrio deve arredondar unidades para cima" time="0">
    </testcase>
    <testcase classname="Testes unitarios - calcularPontoEquilibrio deve lancar erro se PV &lt;= custo variavel" name="Testes unitarios - calcularPontoEquilibrio deve lancar erro se PV &lt;= custo variavel" time="0.001">
    </testcase>
    <testcase classname="Testes unitarios - calcularPontoEquilibrio deve lancar erro se custos fixos negativos" name="Testes unitarios - calcularPontoEquilibrio deve lancar erro se custos fixos negativos" time="0">
    </testcase>
  </testsuite>
  <testsuite name="GET /MKP/tabelas" errors="0" failures="0" skipped="0" timestamp="2026-05-20T23:33:38" time="0.906" tests="10">
    <testcase classname="GET /MKP/tabelas deve retornar a tabela de constantes" name="GET /MKP/tabelas deve retornar a tabela de constantes" time="0.028">
    </testcase>
    <testcase classname="POST /MKP/calcular - precoVenda deve retornar preco de venda correto" name="POST /MKP/calcular - precoVenda deve retornar preco de venda correto" time="0.048">
    </testcase>
    <testcase classname="POST /MKP/calcular - precoVenda deve retornar 400 se custo for zero" name="POST /MKP/calcular - precoVenda deve retornar 400 se custo for zero" time="0.013">
    </testcase>
    <testcase classname="POST /MKP/calcular - markupDivisor deve retornar PV pelo metodo divisor" name="POST /MKP/calcular - markupDivisor deve retornar PV pelo metodo divisor" time="0.015">
    </testcase>
    <testcase classname="POST /MKP/calcular - markupDivisor deve retornar 400 se soma &gt;= 100%" name="POST /MKP/calcular - markupDivisor deve retornar 400 se soma &gt;= 100%" time="0.011">
    </testcase>
    <testcase classname="POST /MKP/calcular - markup deve calcular markup 50%" name="POST /MKP/calcular - markup deve calcular markup 50%" time="0.009">
    </testcase>
    <testcase classname="POST /MKP/calcular - margem deve calcular margem 33.33%" name="POST /MKP/calcular - margem deve calcular margem 33.33%" time="0.012">
    </testcase>
    <testcase classname="POST /MKP/calcular - pontoEquilibrio deve calcular 250 unidades" name="POST /MKP/calcular - pontoEquilibrio deve calcular 250 unidades" time="0.008">
    </testcase>
    <testcase classname="POST /MKP/calcular - erros gerais deve retornar 400 sem campo tipo" name="POST /MKP/calcular - erros gerais deve retornar 400 sem campo tipo" time="0.007">
    </testcase>
    <testcase classname="POST /MKP/calcular - erros gerais deve retornar 400 com tipo desconhecido" name="POST /MKP/calcular - erros gerais deve retornar 400 com tipo desconhecido" time="0.007">
    </testcase>
  </testsuite>
</testsuites>